[2025-06-20 22:34:03,767] [INFO] [real_accelerator.py:254:get_accelerator] Setting ds_accelerator to cuda (auto detect)
[2025-06-20 22:34:03,903] [INFO] [real_accelerator.py:254:get_accelerator] Setting ds_accelerator to cuda (auto detect)
[2025-06-20 22:34:05,051] [INFO] [logging.py:107:log_dist] [Rank -1] [TorchCheckpointEngine] Initialized with serialization = False
Starting at: 2025-06-20 22:34:05.607054

1. Initializing actor ...
Initializing actor model for debugging...
Note: Running in standalone mode (no distributed training)
Using model: meta-llama/Llama-3.1-8B-Instruct
Flash Attention: False
BF16: True
PyTorch Compile: True
Packing Samples: False
Loading checkpoint shards:   0%|          | 0/4 [00:00<?, ?it/s]Loading checkpoint shards: 100%|██████████| 4/4 [00:00<00:00, 106.87it/s]
Actor model initialized successfully!
Actor model parameters: 8030261248
Actor model moved to GPU: 0
Tokenizer configured. Vocab size: 128256
Enabling PyTorch compilation (without DeepSpeed DeepCompile)...
PyTorch compilation enabled successfully!
Note: DeepSpeed config has deepcompile: False, but engine.compile() was called
Actor initialized successfully on device: 0

2. Loading input dump ...

3. Replaying an input ...

=== Replaying Input ===
Source: actor_inputs_rank0_20250619_052658_128923.pkl
Timestamp: 20250619_052658_128923
Rank: 0
Batch size: 2
Sequence length: 1259
[INFO 06-20 22:34:11.322 actor.py:213] [localhost][804736][rNA] Actor forward start. sequences=torch.Size([2, 1259])  padded_sequences=torch.Size([2, 1259]) stride (1259, 1) storage_offset 0 foward_attention_mask=torch.Size([2, 1259]) position_ids=torch.Size([2, 1259]) padded_position_ids=torch.Size([2, 1259]) stride (1259, 1) storage_offset 0
[INFO 06-20 22:34:11.322 actor.py:213] [localhost][804736][rNA] Actor forward start. sequences=torch.Size([2, 1259])  padded_sequences=torch.Size([2, 1259]) stride (1259, 1) storage_offset 0 foward_attention_mask=torch.Size([2, 1259]) position_ids=torch.Size([2, 1259]) padded_position_ids=torch.Size([2, 1259]) stride (1259, 1) storage_offset 0
[INFO 06-20 22:34:17.710 actor.py:216] [localhost][804736][rNA] Actor forward end
[INFO 06-20 22:34:17.710 actor.py:216] [localhost][804736][rNA] Actor forward end
W0620 22:34:17.980000 804736 site-packages/torch/_higher_order_ops/triton_kernel_wrap.py:751] [10/0] Encountered an exception in identify_mutated_tensors, assuming every input is mutated
W0620 22:34:17.980000 804736 site-packages/torch/_higher_order_ops/triton_kernel_wrap.py:751] [10/0] Traceback (most recent call last):
W0620 22:34:17.980000 804736 site-packages/torch/_higher_order_ops/triton_kernel_wrap.py:751] [10/0]   File "/opt/conda/lib/python3.11/site-packages/torch/_higher_order_ops/triton_kernel_wrap.py", line 730, in identify_mutated_tensors
W0620 22:34:17.980000 804736 site-packages/torch/_higher_order_ops/triton_kernel_wrap.py:751] [10/0]     ttir_module, ordered_tensor_names = generate_ttir(kernel, kwargs)
W0620 22:34:17.980000 804736 site-packages/torch/_higher_order_ops/triton_kernel_wrap.py:751] [10/0]                                         ^^^^^^^^^^^^^^^^^^^^^^^^^^^^^
W0620 22:34:17.980000 804736 site-packages/torch/_higher_order_ops/triton_kernel_wrap.py:751] [10/0]   File "/opt/conda/lib/python3.11/site-packages/torch/_higher_order_ops/triton_kernel_wrap.py", line 355, in generate_ttir
W0620 22:34:17.980000 804736 site-packages/torch/_higher_order_ops/triton_kernel_wrap.py:751] [10/0]     ttir_module = src.make_ir(options, codegen_fns, module_map, context)
W0620 22:34:17.980000 804736 site-packages/torch/_higher_order_ops/triton_kernel_wrap.py:751] [10/0]                   ^^^^^^^^^^^^^^^^^^^^^^^^^^^^^^^^^^^^^^^^^^^^^^^^^^^^^^
W0620 22:34:17.980000 804736 site-packages/torch/_higher_order_ops/triton_kernel_wrap.py:751] [10/0]   File "/opt/conda/lib/python3.11/site-packages/triton/compiler/compiler.py", line 81, in make_ir
W0620 22:34:17.980000 804736 site-packages/torch/_higher_order_ops/triton_kernel_wrap.py:751] [10/0]     return ast_to_ttir(self.fn, self, context=context, options=options, codegen_fns=codegen_fns,
W0620 22:34:17.980000 804736 site-packages/torch/_higher_order_ops/triton_kernel_wrap.py:751] [10/0]            ^^^^^^^^^^^^^^^^^^^^^^^^^^^^^^^^^^^^^^^^^^^^^^^^^^^^^^^^^^^^^^^^^^^^^^^^^^^^^^^^^^^^^
W0620 22:34:17.980000 804736 site-packages/torch/_higher_order_ops/triton_kernel_wrap.py:751] [10/0]   File "/opt/conda/lib/python3.11/site-packages/triton/compiler/code_generator.py", line 1402, in ast_to_ttir
W0620 22:34:17.980000 804736 site-packages/torch/_higher_order_ops/triton_kernel_wrap.py:751] [10/0]     generator.visit(fn.parse())
W0620 22:34:17.980000 804736 site-packages/torch/_higher_order_ops/triton_kernel_wrap.py:751] [10/0]   File "/opt/conda/lib/python3.11/site-packages/triton/compiler/code_generator.py", line 1330, in visit
W0620 22:34:17.980000 804736 site-packages/torch/_higher_order_ops/triton_kernel_wrap.py:751] [10/0]     ret = super().visit(node)
W0620 22:34:17.980000 804736 site-packages/torch/_higher_order_ops/triton_kernel_wrap.py:751] [10/0]           ^^^^^^^^^^^^^^^^^^^
W0620 22:34:17.980000 804736 site-packages/torch/_higher_order_ops/triton_kernel_wrap.py:751] [10/0]   File "/opt/conda/lib/python3.11/ast.py", line 418, in visit
W0620 22:34:17.980000 804736 site-packages/torch/_higher_order_ops/triton_kernel_wrap.py:751] [10/0]     return visitor(node)
W0620 22:34:17.980000 804736 site-packages/torch/_higher_order_ops/triton_kernel_wrap.py:751] [10/0]            ^^^^^^^^^^^^^
W0620 22:34:17.980000 804736 site-packages/torch/_higher_order_ops/triton_kernel_wrap.py:751] [10/0]   File "/opt/conda/lib/python3.11/site-packages/triton/compiler/code_generator.py", line 453, in visit_Module
W0620 22:34:17.980000 804736 site-packages/torch/_higher_order_ops/triton_kernel_wrap.py:751] [10/0]     ast.NodeVisitor.generic_visit(self, node)
W0620 22:34:17.980000 804736 site-packages/torch/_higher_order_ops/triton_kernel_wrap.py:751] [10/0]   File "/opt/conda/lib/python3.11/ast.py", line 426, in generic_visit
W0620 22:34:17.980000 804736 site-packages/torch/_higher_order_ops/triton_kernel_wrap.py:751] [10/0]     self.visit(item)
W0620 22:34:17.980000 804736 site-packages/torch/_higher_order_ops/triton_kernel_wrap.py:751] [10/0]   File "/opt/conda/lib/python3.11/site-packages/triton/compiler/code_generator.py", line 1330, in visit
W0620 22:34:17.980000 804736 site-packages/torch/_higher_order_ops/triton_kernel_wrap.py:751] [10/0]     ret = super().visit(node)
W0620 22:34:17.980000 804736 site-packages/torch/_higher_order_ops/triton_kernel_wrap.py:751] [10/0]           ^^^^^^^^^^^^^^^^^^^
W0620 22:34:17.980000 804736 site-packages/torch/_higher_order_ops/triton_kernel_wrap.py:751] [10/0]   File "/opt/conda/lib/python3.11/ast.py", line 418, in visit
W0620 22:34:17.980000 804736 site-packages/torch/_higher_order_ops/triton_kernel_wrap.py:751] [10/0]     return visitor(node)
W0620 22:34:17.980000 804736 site-packages/torch/_higher_order_ops/triton_kernel_wrap.py:751] [10/0]            ^^^^^^^^^^^^^
W0620 22:34:17.980000 804736 site-packages/torch/_higher_order_ops/triton_kernel_wrap.py:751] [10/0]   File "/opt/conda/lib/python3.11/site-packages/triton/compiler/code_generator.py", line 531, in visit_FunctionDef
W0620 22:34:17.980000 804736 site-packages/torch/_higher_order_ops/triton_kernel_wrap.py:751] [10/0]     self.visit_compound_statement(node.body)
W0620 22:34:17.980000 804736 site-packages/torch/_higher_order_ops/triton_kernel_wrap.py:751] [10/0]   File "/opt/conda/lib/python3.11/site-packages/triton/compiler/code_generator.py", line 446, in visit_compound_statement
W0620 22:34:17.980000 804736 site-packages/torch/_higher_order_ops/triton_kernel_wrap.py:751] [10/0]     self.visit(stmt)
W0620 22:34:17.980000 804736 site-packages/torch/_higher_order_ops/triton_kernel_wrap.py:751] [10/0]   File "/opt/conda/lib/python3.11/site-packages/triton/compiler/code_generator.py", line 1330, in visit
W0620 22:34:17.980000 804736 site-packages/torch/_higher_order_ops/triton_kernel_wrap.py:751] [10/0]     ret = super().visit(node)
W0620 22:34:17.980000 804736 site-packages/torch/_higher_order_ops/triton_kernel_wrap.py:751] [10/0]           ^^^^^^^^^^^^^^^^^^^
W0620 22:34:17.980000 804736 site-packages/torch/_higher_order_ops/triton_kernel_wrap.py:751] [10/0]   File "/opt/conda/lib/python3.11/ast.py", line 418, in visit
W0620 22:34:17.980000 804736 site-packages/torch/_higher_order_ops/triton_kernel_wrap.py:751] [10/0]     return visitor(node)
W0620 22:34:17.980000 804736 site-packages/torch/_higher_order_ops/triton_kernel_wrap.py:751] [10/0]            ^^^^^^^^^^^^^
W0620 22:34:17.980000 804736 site-packages/torch/_higher_order_ops/triton_kernel_wrap.py:751] [10/0]   File "/opt/conda/lib/python3.11/site-packages/triton/compiler/code_generator.py", line 602, in visit_Assign
W0620 22:34:17.980000 804736 site-packages/torch/_higher_order_ops/triton_kernel_wrap.py:751] [10/0]     values = _sanitize_value(self.visit(node.value))
W0620 22:34:17.980000 804736 site-packages/torch/_higher_order_ops/triton_kernel_wrap.py:751] [10/0]                              ^^^^^^^^^^^^^^^^^^^^^^
W0620 22:34:17.980000 804736 site-packages/torch/_higher_order_ops/triton_kernel_wrap.py:751] [10/0]   File "/opt/conda/lib/python3.11/site-packages/triton/compiler/code_generator.py", line 1330, in visit
W0620 22:34:17.980000 804736 site-packages/torch/_higher_order_ops/triton_kernel_wrap.py:751] [10/0]     ret = super().visit(node)
W0620 22:34:17.980000 804736 site-packages/torch/_higher_order_ops/triton_kernel_wrap.py:751] [10/0]           ^^^^^^^^^^^^^^^^^^^
W0620 22:34:17.980000 804736 site-packages/torch/_higher_order_ops/triton_kernel_wrap.py:751] [10/0]   File "/opt/conda/lib/python3.11/ast.py", line 418, in visit
W0620 22:34:17.980000 804736 site-packages/torch/_higher_order_ops/triton_kernel_wrap.py:751] [10/0]     return visitor(node)
W0620 22:34:17.980000 804736 site-packages/torch/_higher_order_ops/triton_kernel_wrap.py:751] [10/0]            ^^^^^^^^^^^^^
W0620 22:34:17.980000 804736 site-packages/torch/_higher_order_ops/triton_kernel_wrap.py:751] [10/0]   File "/opt/conda/lib/python3.11/site-packages/triton/compiler/code_generator.py", line 641, in visit_BinOp
W0620 22:34:17.980000 804736 site-packages/torch/_higher_order_ops/triton_kernel_wrap.py:751] [10/0]     rhs = self.visit(node.right)
W0620 22:34:17.980000 804736 site-packages/torch/_higher_order_ops/triton_kernel_wrap.py:751] [10/0]           ^^^^^^^^^^^^^^^^^^^^^^
W0620 22:34:17.980000 804736 site-packages/torch/_higher_order_ops/triton_kernel_wrap.py:751] [10/0]   File "/opt/conda/lib/python3.11/site-packages/triton/compiler/code_generator.py", line 1330, in visit
W0620 22:34:17.980000 804736 site-packages/torch/_higher_order_ops/triton_kernel_wrap.py:751] [10/0]     ret = super().visit(node)
W0620 22:34:17.980000 804736 site-packages/torch/_higher_order_ops/triton_kernel_wrap.py:751] [10/0]           ^^^^^^^^^^^^^^^^^^^
W0620 22:34:17.980000 804736 site-packages/torch/_higher_order_ops/triton_kernel_wrap.py:751] [10/0]   File "/opt/conda/lib/python3.11/ast.py", line 418, in visit
W0620 22:34:17.980000 804736 site-packages/torch/_higher_order_ops/triton_kernel_wrap.py:751] [10/0]     return visitor(node)
W0620 22:34:17.980000 804736 site-packages/torch/_higher_order_ops/triton_kernel_wrap.py:751] [10/0]            ^^^^^^^^^^^^^
W0620 22:34:17.980000 804736 site-packages/torch/_higher_order_ops/triton_kernel_wrap.py:751] [10/0]   File "/opt/conda/lib/python3.11/site-packages/triton/compiler/code_generator.py", line 641, in visit_BinOp
W0620 22:34:17.980000 804736 site-packages/torch/_higher_order_ops/triton_kernel_wrap.py:751] [10/0]     rhs = self.visit(node.right)
W0620 22:34:17.980000 804736 site-packages/torch/_higher_order_ops/triton_kernel_wrap.py:751] [10/0]           ^^^^^^^^^^^^^^^^^^^^^^
W0620 22:34:17.980000 804736 site-packages/torch/_higher_order_ops/triton_kernel_wrap.py:751] [10/0]   File "/opt/conda/lib/python3.11/site-packages/triton/compiler/code_generator.py", line 1330, in visit
W0620 22:34:17.980000 804736 site-packages/torch/_higher_order_ops/triton_kernel_wrap.py:751] [10/0]     ret = super().visit(node)
W0620 22:34:17.980000 804736 site-packages/torch/_higher_order_ops/triton_kernel_wrap.py:751] [10/0]           ^^^^^^^^^^^^^^^^^^^
W0620 22:34:17.980000 804736 site-packages/torch/_higher_order_ops/triton_kernel_wrap.py:751] [10/0]   File "/opt/conda/lib/python3.11/ast.py", line 418, in visit
W0620 22:34:17.980000 804736 site-packages/torch/_higher_order_ops/triton_kernel_wrap.py:751] [10/0]     return visitor(node)
W0620 22:34:17.980000 804736 site-packages/torch/_higher_order_ops/triton_kernel_wrap.py:751] [10/0]            ^^^^^^^^^^^^^
W0620 22:34:17.980000 804736 site-packages/torch/_higher_order_ops/triton_kernel_wrap.py:751] [10/0]   File "/opt/conda/lib/python3.11/site-packages/triton/compiler/code_generator.py", line 1232, in visit_Call
W0620 22:34:17.980000 804736 site-packages/torch/_higher_order_ops/triton_kernel_wrap.py:751] [10/0]     fn = _unwrap_if_constexpr(self.visit(node.func))
W0620 22:34:17.980000 804736 site-packages/torch/_higher_order_ops/triton_kernel_wrap.py:751] [10/0]                               ^^^^^^^^^^^^^^^^^^^^^
W0620 22:34:17.980000 804736 site-packages/torch/_higher_order_ops/triton_kernel_wrap.py:751] [10/0]   File "/opt/conda/lib/python3.11/site-packages/triton/compiler/code_generator.py", line 1336, in visit
W0620 22:34:17.980000 804736 site-packages/torch/_higher_order_ops/triton_kernel_wrap.py:751] [10/0]     raise CompilationError(self.jit_fn.src, self.cur_node, repr(e)) from None
W0620 22:34:17.980000 804736 site-packages/torch/_higher_order_ops/triton_kernel_wrap.py:751] [10/0] triton.compiler.errors.CompilationError: at 22:40:
W0620 22:34:17.980000 804736 site-packages/torch/_higher_order_ops/triton_kernel_wrap.py:751] [10/0]     total_classes,
W0620 22:34:17.980000 804736 site-packages/torch/_higher_order_ops/triton_kernel_wrap.py:751] [10/0]     class_start_idx,  # Useful for tensor parallel when each rank only has a subset of classes
W0620 22:34:17.980000 804736 site-packages/torch/_higher_order_ops/triton_kernel_wrap.py:751] [10/0]     n_cols,  # shapes
W0620 22:34:17.980000 804736 site-packages/torch/_higher_order_ops/triton_kernel_wrap.py:751] [10/0]     logits_row_stride,  # strides
W0620 22:34:17.980000 804736 site-packages/torch/_higher_order_ops/triton_kernel_wrap.py:751] [10/0]     BLOCK_SIZE: tl.constexpr,
W0620 22:34:17.980000 804736 site-packages/torch/_higher_order_ops/triton_kernel_wrap.py:751] [10/0]     HAS_SMOOTHING: tl.constexpr,
W0620 22:34:17.980000 804736 site-packages/torch/_higher_order_ops/triton_kernel_wrap.py:751] [10/0]     # if SPLIT (e.g. tensor parallel), don't include the LSE in the loss since it's not the final LSE
W0620 22:34:17.980000 804736 site-packages/torch/_higher_order_ops/triton_kernel_wrap.py:751] [10/0]     SPLIT: tl.constexpr,
W0620 22:34:17.980000 804736 site-packages/torch/_higher_order_ops/triton_kernel_wrap.py:751] [10/0]     PRECOMPUTED_LSE: tl.constexpr,  # If LSE is already computed (also no smoothing and logit_scale == 1.0)
W0620 22:34:17.980000 804736 site-packages/torch/_higher_order_ops/triton_kernel_wrap.py:751] [10/0] ):
W0620 22:34:17.980000 804736 site-packages/torch/_higher_order_ops/triton_kernel_wrap.py:751] [10/0]     row_idx = tl.program_id(0)
W0620 22:34:17.980000 804736 site-packages/torch/_higher_order_ops/triton_kernel_wrap.py:751] [10/0]     logits_ptr = logits_ptr + row_idx * logits_row_stride.to(tl.int64)
W0620 22:34:17.980000 804736 site-packages/torch/_higher_order_ops/triton_kernel_wrap.py:751] [10/0]                                         ^
W0620 22:34:17.980000 804736 site-packages/torch/_higher_order_ops/triton_kernel_wrap.py:751] [10/0] AttributeError("'constexpr' object has no attribute 'to'")
W0620 22:34:18.000000 804736 site-packages/torch/_higher_order_ops/triton_kernel_wrap.py:751] [10/0] Encountered an exception in identify_mutated_tensors, assuming every input is mutated
W0620 22:34:18.000000 804736 site-packages/torch/_higher_order_ops/triton_kernel_wrap.py:751] [10/0] Traceback (most recent call last):
W0620 22:34:18.000000 804736 site-packages/torch/_higher_order_ops/triton_kernel_wrap.py:751] [10/0]   File "/opt/conda/lib/python3.11/site-packages/torch/_higher_order_ops/triton_kernel_wrap.py", line 730, in identify_mutated_tensors
W0620 22:34:18.000000 804736 site-packages/torch/_higher_order_ops/triton_kernel_wrap.py:751] [10/0]     ttir_module, ordered_tensor_names = generate_ttir(kernel, kwargs)
W0620 22:34:18.000000 804736 site-packages/torch/_higher_order_ops/triton_kernel_wrap.py:751] [10/0]                                         ^^^^^^^^^^^^^^^^^^^^^^^^^^^^^
W0620 22:34:18.000000 804736 site-packages/torch/_higher_order_ops/triton_kernel_wrap.py:751] [10/0]   File "/opt/conda/lib/python3.11/site-packages/torch/_higher_order_ops/triton_kernel_wrap.py", line 355, in generate_ttir
W0620 22:34:18.000000 804736 site-packages/torch/_higher_order_ops/triton_kernel_wrap.py:751] [10/0]     ttir_module = src.make_ir(options, codegen_fns, module_map, context)
W0620 22:34:18.000000 804736 site-packages/torch/_higher_order_ops/triton_kernel_wrap.py:751] [10/0]                   ^^^^^^^^^^^^^^^^^^^^^^^^^^^^^^^^^^^^^^^^^^^^^^^^^^^^^^
W0620 22:34:18.000000 804736 site-packages/torch/_higher_order_ops/triton_kernel_wrap.py:751] [10/0]   File "/opt/conda/lib/python3.11/site-packages/triton/compiler/compiler.py", line 81, in make_ir
W0620 22:34:18.000000 804736 site-packages/torch/_higher_order_ops/triton_kernel_wrap.py:751] [10/0]     return ast_to_ttir(self.fn, self, context=context, options=options, codegen_fns=codegen_fns,
W0620 22:34:18.000000 804736 site-packages/torch/_higher_order_ops/triton_kernel_wrap.py:751] [10/0]            ^^^^^^^^^^^^^^^^^^^^^^^^^^^^^^^^^^^^^^^^^^^^^^^^^^^^^^^^^^^^^^^^^^^^^^^^^^^^^^^^^^^^^
W0620 22:34:18.000000 804736 site-packages/torch/_higher_order_ops/triton_kernel_wrap.py:751] [10/0]   File "/opt/conda/lib/python3.11/site-packages/triton/compiler/code_generator.py", line 1402, in ast_to_ttir
W0620 22:34:18.000000 804736 site-packages/torch/_higher_order_ops/triton_kernel_wrap.py:751] [10/0]     generator.visit(fn.parse())
W0620 22:34:18.000000 804736 site-packages/torch/_higher_order_ops/triton_kernel_wrap.py:751] [10/0]   File "/opt/conda/lib/python3.11/site-packages/triton/compiler/code_generator.py", line 1330, in visit
W0620 22:34:18.000000 804736 site-packages/torch/_higher_order_ops/triton_kernel_wrap.py:751] [10/0]     ret = super().visit(node)
W0620 22:34:18.000000 804736 site-packages/torch/_higher_order_ops/triton_kernel_wrap.py:751] [10/0]           ^^^^^^^^^^^^^^^^^^^
W0620 22:34:18.000000 804736 site-packages/torch/_higher_order_ops/triton_kernel_wrap.py:751] [10/0]   File "/opt/conda/lib/python3.11/ast.py", line 418, in visit
W0620 22:34:18.000000 804736 site-packages/torch/_higher_order_ops/triton_kernel_wrap.py:751] [10/0]     return visitor(node)
W0620 22:34:18.000000 804736 site-packages/torch/_higher_order_ops/triton_kernel_wrap.py:751] [10/0]            ^^^^^^^^^^^^^
W0620 22:34:18.000000 804736 site-packages/torch/_higher_order_ops/triton_kernel_wrap.py:751] [10/0]   File "/opt/conda/lib/python3.11/site-packages/triton/compiler/code_generator.py", line 453, in visit_Module
W0620 22:34:18.000000 804736 site-packages/torch/_higher_order_ops/triton_kernel_wrap.py:751] [10/0]     ast.NodeVisitor.generic_visit(self, node)
W0620 22:34:18.000000 804736 site-packages/torch/_higher_order_ops/triton_kernel_wrap.py:751] [10/0]   File "/opt/conda/lib/python3.11/ast.py", line 426, in generic_visit
W0620 22:34:18.000000 804736 site-packages/torch/_higher_order_ops/triton_kernel_wrap.py:751] [10/0]     self.visit(item)
W0620 22:34:18.000000 804736 site-packages/torch/_higher_order_ops/triton_kernel_wrap.py:751] [10/0]   File "/opt/conda/lib/python3.11/site-packages/triton/compiler/code_generator.py", line 1330, in visit
W0620 22:34:18.000000 804736 site-packages/torch/_higher_order_ops/triton_kernel_wrap.py:751] [10/0]     ret = super().visit(node)
W0620 22:34:18.000000 804736 site-packages/torch/_higher_order_ops/triton_kernel_wrap.py:751] [10/0]           ^^^^^^^^^^^^^^^^^^^
W0620 22:34:18.000000 804736 site-packages/torch/_higher_order_ops/triton_kernel_wrap.py:751] [10/0]   File "/opt/conda/lib/python3.11/ast.py", line 418, in visit
W0620 22:34:18.000000 804736 site-packages/torch/_higher_order_ops/triton_kernel_wrap.py:751] [10/0]     return visitor(node)
W0620 22:34:18.000000 804736 site-packages/torch/_higher_order_ops/triton_kernel_wrap.py:751] [10/0]            ^^^^^^^^^^^^^
W0620 22:34:18.000000 804736 site-packages/torch/_higher_order_ops/triton_kernel_wrap.py:751] [10/0]   File "/opt/conda/lib/python3.11/site-packages/triton/compiler/code_generator.py", line 531, in visit_FunctionDef
W0620 22:34:18.000000 804736 site-packages/torch/_higher_order_ops/triton_kernel_wrap.py:751] [10/0]     self.visit_compound_statement(node.body)
W0620 22:34:18.000000 804736 site-packages/torch/_higher_order_ops/triton_kernel_wrap.py:751] [10/0]   File "/opt/conda/lib/python3.11/site-packages/triton/compiler/code_generator.py", line 446, in visit_compound_statement
W0620 22:34:18.000000 804736 site-packages/torch/_higher_order_ops/triton_kernel_wrap.py:751] [10/0]     self.visit(stmt)
W0620 22:34:18.000000 804736 site-packages/torch/_higher_order_ops/triton_kernel_wrap.py:751] [10/0]   File "/opt/conda/lib/python3.11/site-packages/triton/compiler/code_generator.py", line 1330, in visit
W0620 22:34:18.000000 804736 site-packages/torch/_higher_order_ops/triton_kernel_wrap.py:751] [10/0]     ret = super().visit(node)
W0620 22:34:18.000000 804736 site-packages/torch/_higher_order_ops/triton_kernel_wrap.py:751] [10/0]           ^^^^^^^^^^^^^^^^^^^
W0620 22:34:18.000000 804736 site-packages/torch/_higher_order_ops/triton_kernel_wrap.py:751] [10/0]   File "/opt/conda/lib/python3.11/ast.py", line 418, in visit
W0620 22:34:18.000000 804736 site-packages/torch/_higher_order_ops/triton_kernel_wrap.py:751] [10/0]     return visitor(node)
W0620 22:34:18.000000 804736 site-packages/torch/_higher_order_ops/triton_kernel_wrap.py:751] [10/0]            ^^^^^^^^^^^^^
W0620 22:34:18.000000 804736 site-packages/torch/_higher_order_ops/triton_kernel_wrap.py:751] [10/0]   File "/opt/conda/lib/python3.11/site-packages/triton/compiler/code_generator.py", line 602, in visit_Assign
W0620 22:34:18.000000 804736 site-packages/torch/_higher_order_ops/triton_kernel_wrap.py:751] [10/0]     values = _sanitize_value(self.visit(node.value))
W0620 22:34:18.000000 804736 site-packages/torch/_higher_order_ops/triton_kernel_wrap.py:751] [10/0]                              ^^^^^^^^^^^^^^^^^^^^^^
W0620 22:34:18.000000 804736 site-packages/torch/_higher_order_ops/triton_kernel_wrap.py:751] [10/0]   File "/opt/conda/lib/python3.11/site-packages/triton/compiler/code_generator.py", line 1330, in visit
W0620 22:34:18.000000 804736 site-packages/torch/_higher_order_ops/triton_kernel_wrap.py:751] [10/0]     ret = super().visit(node)
W0620 22:34:18.000000 804736 site-packages/torch/_higher_order_ops/triton_kernel_wrap.py:751] [10/0]           ^^^^^^^^^^^^^^^^^^^
W0620 22:34:18.000000 804736 site-packages/torch/_higher_order_ops/triton_kernel_wrap.py:751] [10/0]   File "/opt/conda/lib/python3.11/ast.py", line 418, in visit
W0620 22:34:18.000000 804736 site-packages/torch/_higher_order_ops/triton_kernel_wrap.py:751] [10/0]     return visitor(node)
W0620 22:34:18.000000 804736 site-packages/torch/_higher_order_ops/triton_kernel_wrap.py:751] [10/0]            ^^^^^^^^^^^^^
W0620 22:34:18.000000 804736 site-packages/torch/_higher_order_ops/triton_kernel_wrap.py:751] [10/0]   File "/opt/conda/lib/python3.11/site-packages/triton/compiler/code_generator.py", line 641, in visit_BinOp
W0620 22:34:18.000000 804736 site-packages/torch/_higher_order_ops/triton_kernel_wrap.py:751] [10/0]     rhs = self.visit(node.right)
W0620 22:34:18.000000 804736 site-packages/torch/_higher_order_ops/triton_kernel_wrap.py:751] [10/0]           ^^^^^^^^^^^^^^^^^^^^^^
W0620 22:34:18.000000 804736 site-packages/torch/_higher_order_ops/triton_kernel_wrap.py:751] [10/0]   File "/opt/conda/lib/python3.11/site-packages/triton/compiler/code_generator.py", line 1330, in visit
W0620 22:34:18.000000 804736 site-packages/torch/_higher_order_ops/triton_kernel_wrap.py:751] [10/0]     ret = super().visit(node)
W0620 22:34:18.000000 804736 site-packages/torch/_higher_order_ops/triton_kernel_wrap.py:751] [10/0]           ^^^^^^^^^^^^^^^^^^^
W0620 22:34:18.000000 804736 site-packages/torch/_higher_order_ops/triton_kernel_wrap.py:751] [10/0]   File "/opt/conda/lib/python3.11/ast.py", line 418, in visit
W0620 22:34:18.000000 804736 site-packages/torch/_higher_order_ops/triton_kernel_wrap.py:751] [10/0]     return visitor(node)
W0620 22:34:18.000000 804736 site-packages/torch/_higher_order_ops/triton_kernel_wrap.py:751] [10/0]            ^^^^^^^^^^^^^
W0620 22:34:18.000000 804736 site-packages/torch/_higher_order_ops/triton_kernel_wrap.py:751] [10/0]   File "/opt/conda/lib/python3.11/site-packages/triton/compiler/code_generator.py", line 641, in visit_BinOp
W0620 22:34:18.000000 804736 site-packages/torch/_higher_order_ops/triton_kernel_wrap.py:751] [10/0]     rhs = self.visit(node.right)
W0620 22:34:18.000000 804736 site-packages/torch/_higher_order_ops/triton_kernel_wrap.py:751] [10/0]           ^^^^^^^^^^^^^^^^^^^^^^
W0620 22:34:18.000000 804736 site-packages/torch/_higher_order_ops/triton_kernel_wrap.py:751] [10/0]   File "/opt/conda/lib/python3.11/site-packages/triton/compiler/code_generator.py", line 1330, in visit
W0620 22:34:18.000000 804736 site-packages/torch/_higher_order_ops/triton_kernel_wrap.py:751] [10/0]     ret = super().visit(node)
W0620 22:34:18.000000 804736 site-packages/torch/_higher_order_ops/triton_kernel_wrap.py:751] [10/0]           ^^^^^^^^^^^^^^^^^^^
W0620 22:34:18.000000 804736 site-packages/torch/_higher_order_ops/triton_kernel_wrap.py:751] [10/0]   File "/opt/conda/lib/python3.11/ast.py", line 418, in visit
W0620 22:34:18.000000 804736 site-packages/torch/_higher_order_ops/triton_kernel_wrap.py:751] [10/0]     return visitor(node)
W0620 22:34:18.000000 804736 site-packages/torch/_higher_order_ops/triton_kernel_wrap.py:751] [10/0]            ^^^^^^^^^^^^^
W0620 22:34:18.000000 804736 site-packages/torch/_higher_order_ops/triton_kernel_wrap.py:751] [10/0]   File "/opt/conda/lib/python3.11/site-packages/triton/compiler/code_generator.py", line 1232, in visit_Call
W0620 22:34:18.000000 804736 site-packages/torch/_higher_order_ops/triton_kernel_wrap.py:751] [10/0]     fn = _unwrap_if_constexpr(self.visit(node.func))
W0620 22:34:18.000000 804736 site-packages/torch/_higher_order_ops/triton_kernel_wrap.py:751] [10/0]                               ^^^^^^^^^^^^^^^^^^^^^
W0620 22:34:18.000000 804736 site-packages/torch/_higher_order_ops/triton_kernel_wrap.py:751] [10/0]   File "/opt/conda/lib/python3.11/site-packages/triton/compiler/code_generator.py", line 1336, in visit
W0620 22:34:18.000000 804736 site-packages/torch/_higher_order_ops/triton_kernel_wrap.py:751] [10/0]     raise CompilationError(self.jit_fn.src, self.cur_node, repr(e)) from None
W0620 22:34:18.000000 804736 site-packages/torch/_higher_order_ops/triton_kernel_wrap.py:751] [10/0] triton.compiler.errors.CompilationError: at 22:40:
W0620 22:34:18.000000 804736 site-packages/torch/_higher_order_ops/triton_kernel_wrap.py:751] [10/0]     total_classes,
W0620 22:34:18.000000 804736 site-packages/torch/_higher_order_ops/triton_kernel_wrap.py:751] [10/0]     class_start_idx,  # Useful for tensor parallel when each rank only has a subset of classes
W0620 22:34:18.000000 804736 site-packages/torch/_higher_order_ops/triton_kernel_wrap.py:751] [10/0]     n_cols,  # shapes
W0620 22:34:18.000000 804736 site-packages/torch/_higher_order_ops/triton_kernel_wrap.py:751] [10/0]     logits_row_stride,  # strides
W0620 22:34:18.000000 804736 site-packages/torch/_higher_order_ops/triton_kernel_wrap.py:751] [10/0]     BLOCK_SIZE: tl.constexpr,
W0620 22:34:18.000000 804736 site-packages/torch/_higher_order_ops/triton_kernel_wrap.py:751] [10/0]     HAS_SMOOTHING: tl.constexpr,
W0620 22:34:18.000000 804736 site-packages/torch/_higher_order_ops/triton_kernel_wrap.py:751] [10/0]     # if SPLIT (e.g. tensor parallel), don't include the LSE in the loss since it's not the final LSE
W0620 22:34:18.000000 804736 site-packages/torch/_higher_order_ops/triton_kernel_wrap.py:751] [10/0]     SPLIT: tl.constexpr,
W0620 22:34:18.000000 804736 site-packages/torch/_higher_order_ops/triton_kernel_wrap.py:751] [10/0]     PRECOMPUTED_LSE: tl.constexpr,  # If LSE is already computed (also no smoothing and logit_scale == 1.0)
W0620 22:34:18.000000 804736 site-packages/torch/_higher_order_ops/triton_kernel_wrap.py:751] [10/0] ):
W0620 22:34:18.000000 804736 site-packages/torch/_higher_order_ops/triton_kernel_wrap.py:751] [10/0]     row_idx = tl.program_id(0)
W0620 22:34:18.000000 804736 site-packages/torch/_higher_order_ops/triton_kernel_wrap.py:751] [10/0]     logits_ptr = logits_ptr + row_idx * logits_row_stride.to(tl.int64)
W0620 22:34:18.000000 804736 site-packages/torch/_higher_order_ops/triton_kernel_wrap.py:751] [10/0]                                         ^
W0620 22:34:18.000000 804736 site-packages/torch/_higher_order_ops/triton_kernel_wrap.py:751] [10/0] AttributeError("'constexpr' object has no attribute 'to'")
Replay successful!
DEBUG:filelock:Attempting to acquire lock 129894748862352 on /home/mtanaka/.triton/autotune/Fp16Matmul_2d_kernel.pickle.lock
DEBUG:filelock:Lock 129894748862352 acquired on /home/mtanaka/.triton/autotune/Fp16Matmul_2d_kernel.pickle.lock
DEBUG:filelock:Attempting to release lock 129894748862352 on /home/mtanaka/.triton/autotune/Fp16Matmul_2d_kernel.pickle.lock
DEBUG:filelock:Lock 129894748862352 released on /home/mtanaka/.triton/autotune/Fp16Matmul_2d_kernel.pickle.lock
DEBUG:filelock:Attempting to acquire lock 129894082070736 on /home/mtanaka/.triton/autotune/Fp16Matmul_4d_kernel.pickle.lock
DEBUG:filelock:Lock 129894082070736 acquired on /home/mtanaka/.triton/autotune/Fp16Matmul_4d_kernel.pickle.lock
DEBUG:filelock:Attempting to release lock 129894082070736 on /home/mtanaka/.triton/autotune/Fp16Matmul_4d_kernel.pickle.lock
DEBUG:filelock:Lock 129894082070736 released on /home/mtanaka/.triton/autotune/Fp16Matmul_4d_kernel.pickle.lock
